// Jest Snapshot v1, https://goo.gl/fbAQLP

exports[`renders search input 1`] = `
<div>
  <div />
</div>
`;
