// Jest Snapshot v1, https://goo.gl/fbAQLP

exports[`renders icon button 1`] = `
<div>
  <div />
</div>
`;
